1. Initializing main ...
1.1. Initializing level1 ...
level1 done.
main done.
