Log, XXX, A, 1., "First step", 0
Log, XXX, A, 2., "Second step", 0
