Log, XXX, B, 2.1., "First step", 0
Log, XXX, B, 2.2., "Second step", 0
